Archive member included to satisfy reference by file (symbol)

c:/program files (x86)/atmel/studio/7.0/toolchain/avr8/avr8-gnu-toolchain/bin/../lib/gcc/avr/5.4.0/avr5\libgcc.a(_exit.o)
                              C:/Program Files (x86)/Atmel/Studio/7.0/Packs/atmel/ATmega_DFP/1.7.374/gcc/dev/atmega32a/avr5/crtatmega32a.o (exit)
c:/program files (x86)/atmel/studio/7.0/toolchain/avr8/avr8-gnu-toolchain/bin/../lib/gcc/avr/5.4.0/avr5\libgcc.a(_copy_data.o)
                              Application/application.o (__do_copy_data)
c:/program files (x86)/atmel/studio/7.0/toolchain/avr8/avr8-gnu-toolchain/bin/../lib/gcc/avr/5.4.0/avr5\libgcc.a(_clear_bss.o)
                              Application/application.o (__do_clear_bss)

Discarded input sections

 .data          0x00000000        0x0 C:/Program Files (x86)/Atmel/Studio/7.0/Packs/atmel/ATmega_DFP/1.7.374/gcc/dev/atmega32a/avr5/crtatmega32a.o
 .bss           0x00000000        0x0 C:/Program Files (x86)/Atmel/Studio/7.0/Packs/atmel/ATmega_DFP/1.7.374/gcc/dev/atmega32a/avr5/crtatmega32a.o
 .text          0x00000000        0x0 Application/application.o
 .data          0x00000000        0x0 Application/application.o
 .bss           0x00000000        0x0 Application/application.o
 .text          0x00000000        0x0 Drivers Tests/button_driver_test.o
 .data          0x00000000        0x0 Drivers Tests/button_driver_test.o
 .bss           0x00000000        0x0 Drivers Tests/button_driver_test.o
 .text.BUTTON_test
                0x00000000       0x2a Drivers Tests/button_driver_test.o
 .debug_info    0x00000000       0xfb Drivers Tests/button_driver_test.o
 .debug_abbrev  0x00000000       0xc1 Drivers Tests/button_driver_test.o
 .debug_loc     0x00000000       0x40 Drivers Tests/button_driver_test.o
 .debug_aranges
                0x00000000       0x20 Drivers Tests/button_driver_test.o
 .debug_ranges  0x00000000       0x10 Drivers Tests/button_driver_test.o
 .debug_line    0x00000000       0xfe Drivers Tests/button_driver_test.o
 .debug_str     0x00000000      0x1dd Drivers Tests/button_driver_test.o
 .comment       0x00000000       0x31 Drivers Tests/button_driver_test.o
 .debug_frame   0x00000000       0x2c Drivers Tests/button_driver_test.o
 .text          0x00000000        0x0 Drivers Tests/dio_driver_test.o
 .data          0x00000000        0x0 Drivers Tests/dio_driver_test.o
 .bss           0x00000000        0x0 Drivers Tests/dio_driver_test.o
 .text.DIO_test
                0x00000000      0x10c Drivers Tests/dio_driver_test.o
 .debug_info    0x00000000      0x2b7 Drivers Tests/dio_driver_test.o
 .debug_abbrev  0x00000000       0xc1 Drivers Tests/dio_driver_test.o
 .debug_loc     0x00000000      0x16b Drivers Tests/dio_driver_test.o
 .debug_aranges
                0x00000000       0x20 Drivers Tests/dio_driver_test.o
 .debug_ranges  0x00000000       0x10 Drivers Tests/dio_driver_test.o
 .debug_line    0x00000000      0x110 Drivers Tests/dio_driver_test.o
 .debug_str     0x00000000      0x25e Drivers Tests/dio_driver_test.o
 .comment       0x00000000       0x31 Drivers Tests/dio_driver_test.o
 .debug_frame   0x00000000       0x58 Drivers Tests/dio_driver_test.o
 .text          0x00000000        0x0 Drivers Tests/led_driver_test.o
 .data          0x00000000        0x0 Drivers Tests/led_driver_test.o
 .bss           0x00000000        0x0 Drivers Tests/led_driver_test.o
 .text.LED_test
                0x00000000       0xb4 Drivers Tests/led_driver_test.o
 .debug_info    0x00000000      0x224 Drivers Tests/led_driver_test.o
 .debug_abbrev  0x00000000       0xc1 Drivers Tests/led_driver_test.o
 .debug_loc     0x00000000      0x10b Drivers Tests/led_driver_test.o
 .debug_aranges
                0x00000000       0x20 Drivers Tests/led_driver_test.o
 .debug_ranges  0x00000000       0x10 Drivers Tests/led_driver_test.o
 .debug_line    0x00000000      0x116 Drivers Tests/led_driver_test.o
 .debug_str     0x00000000      0x24d Drivers Tests/led_driver_test.o
 .comment       0x00000000       0x31 Drivers Tests/led_driver_test.o
 .debug_frame   0x00000000       0x48 Drivers Tests/led_driver_test.o
 .text          0x00000000        0x0 Drivers Tests/timer_driver_test.o
 .data          0x00000000        0x0 Drivers Tests/timer_driver_test.o
 .bss           0x00000000        0x0 Drivers Tests/timer_driver_test.o
 .text.TIMER_test
                0x00000000       0xf6 Drivers Tests/timer_driver_test.o
 .bss.test_temp
                0x00000000        0x1 Drivers Tests/timer_driver_test.o
 .debug_info    0x00000000      0x2b2 Drivers Tests/timer_driver_test.o
 .debug_abbrev  0x00000000       0xd2 Drivers Tests/timer_driver_test.o
 .debug_loc     0x00000000      0x16b Drivers Tests/timer_driver_test.o
 .debug_aranges
                0x00000000       0x20 Drivers Tests/timer_driver_test.o
 .debug_ranges  0x00000000       0x10 Drivers Tests/timer_driver_test.o
 .debug_line    0x00000000      0x118 Drivers Tests/timer_driver_test.o
 .debug_str     0x00000000      0x29c Drivers Tests/timer_driver_test.o
 .comment       0x00000000       0x31 Drivers Tests/timer_driver_test.o
 .debug_frame   0x00000000       0x58 Drivers Tests/timer_driver_test.o
 .text          0x00000000        0x0 ECUAL/Button Driver/button.o
 .data          0x00000000        0x0 ECUAL/Button Driver/button.o
 .bss           0x00000000        0x0 ECUAL/Button Driver/button.o
 .text          0x00000000        0x0 ECUAL/LED Driver/led.o
 .data          0x00000000        0x0 ECUAL/LED Driver/led.o
 .bss           0x00000000        0x0 ECUAL/LED Driver/led.o
 .text          0x00000000        0x0 main.o
 .data          0x00000000        0x0 main.o
 .bss           0x00000000        0x0 main.o
 .text          0x00000000        0x0 MCAL/DIO Driver/dio.o
 .data          0x00000000        0x0 MCAL/DIO Driver/dio.o
 .bss           0x00000000        0x0 MCAL/DIO Driver/dio.o
 .text          0x00000000        0x0 MCAL/Interrupt library/interrupts.o
 .data          0x00000000        0x0 MCAL/Interrupt library/interrupts.o
 .bss           0x00000000        0x0 MCAL/Interrupt library/interrupts.o
 .text          0x00000000        0x0 MCAL/Timer Driver/timer.o
 .data          0x00000000        0x0 MCAL/Timer Driver/timer.o
 .bss           0x00000000        0x0 MCAL/Timer Driver/timer.o
 .text          0x00000000        0x0 c:/program files (x86)/atmel/studio/7.0/toolchain/avr8/avr8-gnu-toolchain/bin/../lib/gcc/avr/5.4.0/avr5\libgcc.a(_exit.o)
 .data          0x00000000        0x0 c:/program files (x86)/atmel/studio/7.0/toolchain/avr8/avr8-gnu-toolchain/bin/../lib/gcc/avr/5.4.0/avr5\libgcc.a(_exit.o)
 .bss           0x00000000        0x0 c:/program files (x86)/atmel/studio/7.0/toolchain/avr8/avr8-gnu-toolchain/bin/../lib/gcc/avr/5.4.0/avr5\libgcc.a(_exit.o)
 .text.libgcc.mul
                0x00000000        0x0 c:/program files (x86)/atmel/studio/7.0/toolchain/avr8/avr8-gnu-toolchain/bin/../lib/gcc/avr/5.4.0/avr5\libgcc.a(_exit.o)
 .text.libgcc.div
                0x00000000        0x0 c:/program files (x86)/atmel/studio/7.0/toolchain/avr8/avr8-gnu-toolchain/bin/../lib/gcc/avr/5.4.0/avr5\libgcc.a(_exit.o)
 .text.libgcc   0x00000000        0x0 c:/program files (x86)/atmel/studio/7.0/toolchain/avr8/avr8-gnu-toolchain/bin/../lib/gcc/avr/5.4.0/avr5\libgcc.a(_exit.o)
 .text.libgcc.prologue
                0x00000000        0x0 c:/program files (x86)/atmel/studio/7.0/toolchain/avr8/avr8-gnu-toolchain/bin/../lib/gcc/avr/5.4.0/avr5\libgcc.a(_exit.o)
 .text.libgcc.builtins
                0x00000000        0x0 c:/program files (x86)/atmel/studio/7.0/toolchain/avr8/avr8-gnu-toolchain/bin/../lib/gcc/avr/5.4.0/avr5\libgcc.a(_exit.o)
 .text.libgcc.fmul
                0x00000000        0x0 c:/program files (x86)/atmel/studio/7.0/toolchain/avr8/avr8-gnu-toolchain/bin/../lib/gcc/avr/5.4.0/avr5\libgcc.a(_exit.o)
 .text.libgcc.fixed
                0x00000000        0x0 c:/program files (x86)/atmel/studio/7.0/toolchain/avr8/avr8-gnu-toolchain/bin/../lib/gcc/avr/5.4.0/avr5\libgcc.a(_exit.o)
 .text          0x00000000        0x0 c:/program files (x86)/atmel/studio/7.0/toolchain/avr8/avr8-gnu-toolchain/bin/../lib/gcc/avr/5.4.0/avr5\libgcc.a(_copy_data.o)
 .data          0x00000000        0x0 c:/program files (x86)/atmel/studio/7.0/toolchain/avr8/avr8-gnu-toolchain/bin/../lib/gcc/avr/5.4.0/avr5\libgcc.a(_copy_data.o)
 .bss           0x00000000        0x0 c:/program files (x86)/atmel/studio/7.0/toolchain/avr8/avr8-gnu-toolchain/bin/../lib/gcc/avr/5.4.0/avr5\libgcc.a(_copy_data.o)
 .text.libgcc.mul
                0x00000000        0x0 c:/program files (x86)/atmel/studio/7.0/toolchain/avr8/avr8-gnu-toolchain/bin/../lib/gcc/avr/5.4.0/avr5\libgcc.a(_copy_data.o)
 .text.libgcc.div
                0x00000000        0x0 c:/program files (x86)/atmel/studio/7.0/toolchain/avr8/avr8-gnu-toolchain/bin/../lib/gcc/avr/5.4.0/avr5\libgcc.a(_copy_data.o)
 .text.libgcc   0x00000000        0x0 c:/program files (x86)/atmel/studio/7.0/toolchain/avr8/avr8-gnu-toolchain/bin/../lib/gcc/avr/5.4.0/avr5\libgcc.a(_copy_data.o)
 .text.libgcc.prologue
                0x00000000        0x0 c:/program files (x86)/atmel/studio/7.0/toolchain/avr8/avr8-gnu-toolchain/bin/../lib/gcc/avr/5.4.0/avr5\libgcc.a(_copy_data.o)
 .text.libgcc.builtins
                0x00000000        0x0 c:/program files (x86)/atmel/studio/7.0/toolchain/avr8/avr8-gnu-toolchain/bin/../lib/gcc/avr/5.4.0/avr5\libgcc.a(_copy_data.o)
 .text.libgcc.fmul
                0x00000000        0x0 c:/program files (x86)/atmel/studio/7.0/toolchain/avr8/avr8-gnu-toolchain/bin/../lib/gcc/avr/5.4.0/avr5\libgcc.a(_copy_data.o)
 .text.libgcc.fixed
                0x00000000        0x0 c:/program files (x86)/atmel/studio/7.0/toolchain/avr8/avr8-gnu-toolchain/bin/../lib/gcc/avr/5.4.0/avr5\libgcc.a(_copy_data.o)
 .text          0x00000000        0x0 c:/program files (x86)/atmel/studio/7.0/toolchain/avr8/avr8-gnu-toolchain/bin/../lib/gcc/avr/5.4.0/avr5\libgcc.a(_clear_bss.o)
 .data          0x00000000        0x0 c:/program files (x86)/atmel/studio/7.0/toolchain/avr8/avr8-gnu-toolchain/bin/../lib/gcc/avr/5.4.0/avr5\libgcc.a(_clear_bss.o)
 .bss           0x00000000        0x0 c:/program files (x86)/atmel/studio/7.0/toolchain/avr8/avr8-gnu-toolchain/bin/../lib/gcc/avr/5.4.0/avr5\libgcc.a(_clear_bss.o)
 .text.libgcc.mul
                0x00000000        0x0 c:/program files (x86)/atmel/studio/7.0/toolchain/avr8/avr8-gnu-toolchain/bin/../lib/gcc/avr/5.4.0/avr5\libgcc.a(_clear_bss.o)
 .text.libgcc.div
                0x00000000        0x0 c:/program files (x86)/atmel/studio/7.0/toolchain/avr8/avr8-gnu-toolchain/bin/../lib/gcc/avr/5.4.0/avr5\libgcc.a(_clear_bss.o)
 .text.libgcc   0x00000000        0x0 c:/program files (x86)/atmel/studio/7.0/toolchain/avr8/avr8-gnu-toolchain/bin/../lib/gcc/avr/5.4.0/avr5\libgcc.a(_clear_bss.o)
 .text.libgcc.prologue
                0x00000000        0x0 c:/program files (x86)/atmel/studio/7.0/toolchain/avr8/avr8-gnu-toolchain/bin/../lib/gcc/avr/5.4.0/avr5\libgcc.a(_clear_bss.o)
 .text.libgcc.builtins
                0x00000000        0x0 c:/program files (x86)/atmel/studio/7.0/toolchain/avr8/avr8-gnu-toolchain/bin/../lib/gcc/avr/5.4.0/avr5\libgcc.a(_clear_bss.o)
 .text.libgcc.fmul
                0x00000000        0x0 c:/program files (x86)/atmel/studio/7.0/toolchain/avr8/avr8-gnu-toolchain/bin/../lib/gcc/avr/5.4.0/avr5\libgcc.a(_clear_bss.o)
 .text.libgcc.fixed
                0x00000000        0x0 c:/program files (x86)/atmel/studio/7.0/toolchain/avr8/avr8-gnu-toolchain/bin/../lib/gcc/avr/5.4.0/avr5\libgcc.a(_clear_bss.o)

Memory Configuration

Name             Origin             Length             Attributes
text             0x00000000         0x00008000         xr
data             0x00800060         0x00000800         rw !x
eeprom           0x00810000         0x00000400         rw !x
fuse             0x00820000         0x00000002         rw !x
lock             0x00830000         0x00000400         rw !x
signature        0x00840000         0x00000400         rw !x
user_signatures  0x00850000         0x00000400         rw !x
*default*        0x00000000         0xffffffff

Linker script and memory map

LOAD C:/Program Files (x86)/Atmel/Studio/7.0/Packs/atmel/ATmega_DFP/1.7.374/gcc/dev/atmega32a/avr5/crtatmega32a.o
LOAD Application/application.o
LOAD Drivers Tests/button_driver_test.o
LOAD Drivers Tests/dio_driver_test.o
LOAD Drivers Tests/led_driver_test.o
LOAD Drivers Tests/timer_driver_test.o
LOAD ECUAL/Button Driver/button.o
LOAD ECUAL/LED Driver/led.o
LOAD main.o
LOAD MCAL/DIO Driver/dio.o
LOAD MCAL/Interrupt library/interrupts.o
LOAD MCAL/Timer Driver/timer.o
START GROUP
LOAD c:/program files (x86)/atmel/studio/7.0/toolchain/avr8/avr8-gnu-toolchain/bin/../lib/gcc/avr/5.4.0/../../../../avr/lib/avr5\libm.a
END GROUP
START GROUP
LOAD c:/program files (x86)/atmel/studio/7.0/toolchain/avr8/avr8-gnu-toolchain/bin/../lib/gcc/avr/5.4.0/avr5\libgcc.a
LOAD c:/program files (x86)/atmel/studio/7.0/toolchain/avr8/avr8-gnu-toolchain/bin/../lib/gcc/avr/5.4.0/../../../../avr/lib/avr5\libm.a
LOAD c:/program files (x86)/atmel/studio/7.0/toolchain/avr8/avr8-gnu-toolchain/bin/../lib/gcc/avr/5.4.0/../../../../avr/lib/avr5\libc.a
LOAD C:/Program Files (x86)/Atmel/Studio/7.0/Packs/atmel/ATmega_DFP/1.7.374/gcc/dev/atmega32a/avr5\libatmega32a.a
END GROUP
                [0x00000000]                __TEXT_REGION_ORIGIN__ = DEFINED (__TEXT_REGION_ORIGIN__)?__TEXT_REGION_ORIGIN__:0x0
                [0x00800060]                __DATA_REGION_ORIGIN__ = DEFINED (__DATA_REGION_ORIGIN__)?__DATA_REGION_ORIGIN__:0x800060
                [0x00008000]                __TEXT_REGION_LENGTH__ = DEFINED (__TEXT_REGION_LENGTH__)?__TEXT_REGION_LENGTH__:0x20000
                [0x00000800]                __DATA_REGION_LENGTH__ = DEFINED (__DATA_REGION_LENGTH__)?__DATA_REGION_LENGTH__:0xffa0
                [0x00000400]                __EEPROM_REGION_LENGTH__ = DEFINED (__EEPROM_REGION_LENGTH__)?__EEPROM_REGION_LENGTH__:0x10000
                [0x00000002]                __FUSE_REGION_LENGTH__ = DEFINED (__FUSE_REGION_LENGTH__)?__FUSE_REGION_LENGTH__:0x400
                0x00000400                __LOCK_REGION_LENGTH__ = DEFINED (__LOCK_REGION_LENGTH__)?__LOCK_REGION_LENGTH__:0x400
                0x00000400                __SIGNATURE_REGION_LENGTH__ = DEFINED (__SIGNATURE_REGION_LENGTH__)?__SIGNATURE_REGION_LENGTH__:0x400
                0x00000400                __USER_SIGNATURE_REGION_LENGTH__ = DEFINED (__USER_SIGNATURE_REGION_LENGTH__)?__USER_SIGNATURE_REGION_LENGTH__:0x400

.hash
 *(.hash)

.dynsym
 *(.dynsym)

.dynstr
 *(.dynstr)

.gnu.version
 *(.gnu.version)

.gnu.version_d
 *(.gnu.version_d)

.gnu.version_r
 *(.gnu.version_r)

.rel.init
 *(.rel.init)

.rela.init
 *(.rela.init)

.rel.text
 *(.rel.text)
 *(.rel.text.*)
 *(.rel.gnu.linkonce.t*)

.rela.text
 *(.rela.text)
 *(.rela.text.*)
 *(.rela.gnu.linkonce.t*)

.rel.fini
 *(.rel.fini)

.rela.fini
 *(.rela.fini)

.rel.rodata
 *(.rel.rodata)
 *(.rel.rodata.*)
 *(.rel.gnu.linkonce.r*)

.rela.rodata
 *(.rela.rodata)
 *(.rela.rodata.*)
 *(.rela.gnu.linkonce.r*)

.rel.data
 *(.rel.data)
 *(.rel.data.*)
 *(.rel.gnu.linkonce.d*)

.rela.data
 *(.rela.data)
 *(.rela.data.*)
 *(.rela.gnu.linkonce.d*)

.rel.ctors
 *(.rel.ctors)

.rela.ctors
 *(.rela.ctors)

.rel.dtors
 *(.rel.dtors)

.rela.dtors
 *(.rela.dtors)

.rel.got
 *(.rel.got)

.rela.got
 *(.rela.got)

.rel.bss
 *(.rel.bss)

.rela.bss
 *(.rela.bss)

.rel.plt
 *(.rel.plt)

.rela.plt
 *(.rela.plt)

.text           0x00000000      0xa52
 *(.vectors)
 .vectors       0x00000000       0x54 C:/Program Files (x86)/Atmel/Studio/7.0/Packs/atmel/ATmega_DFP/1.7.374/gcc/dev/atmega32a/avr5/crtatmega32a.o
                0x00000000                __vector_default
                0x00000000                __vectors
 *(.vectors)
 *(.progmem.gcc*)
                0x00000054                . = ALIGN (0x2)
                0x00000054                __trampolines_start = .
 *(.trampolines)
 .trampolines   0x00000054        0x0 linker stubs
 *(.trampolines*)
                0x00000054                __trampolines_end = .
 *libprintf_flt.a:*(.progmem.data)
 *libc.a:*(.progmem.data)
 *(.progmem*)
                0x00000054                . = ALIGN (0x2)
 *(.jumptables)
 *(.jumptables*)
 *(.lowtext)
 *(.lowtext*)
                0x00000054                __ctors_start = .
 *(.ctors)
                0x00000054                __ctors_end = .
                0x00000054                __dtors_start = .
 *(.dtors)
                0x00000054                __dtors_end = .
 SORT(*)(.ctors)
 SORT(*)(.dtors)
 *(.init0)
 .init0         0x00000054        0x0 C:/Program Files (x86)/Atmel/Studio/7.0/Packs/atmel/ATmega_DFP/1.7.374/gcc/dev/atmega32a/avr5/crtatmega32a.o
                0x00000054                __init
 *(.init0)
 *(.init1)
 *(.init1)
 *(.init2)
 .init2         0x00000054        0xc C:/Program Files (x86)/Atmel/Studio/7.0/Packs/atmel/ATmega_DFP/1.7.374/gcc/dev/atmega32a/avr5/crtatmega32a.o
 *(.init2)
 *(.init3)
 *(.init3)
 *(.init4)
 .init4         0x00000060       0x16 c:/program files (x86)/atmel/studio/7.0/toolchain/avr8/avr8-gnu-toolchain/bin/../lib/gcc/avr/5.4.0/avr5\libgcc.a(_copy_data.o)
                0x00000060                __do_copy_data
 .init4         0x00000076       0x10 c:/program files (x86)/atmel/studio/7.0/toolchain/avr8/avr8-gnu-toolchain/bin/../lib/gcc/avr/5.4.0/avr5\libgcc.a(_clear_bss.o)
                0x00000076                __do_clear_bss
 *(.init4)
 *(.init5)
 *(.init5)
 *(.init6)
 *(.init6)
 *(.init7)
 *(.init7)
 *(.init8)
 *(.init8)
 *(.init9)
 .init9         0x00000086        0x8 C:/Program Files (x86)/Atmel/Studio/7.0/Packs/atmel/ATmega_DFP/1.7.374/gcc/dev/atmega32a/avr5/crtatmega32a.o
 *(.init9)
 *(.text)
 .text          0x0000008e        0x4 C:/Program Files (x86)/Atmel/Studio/7.0/Packs/atmel/ATmega_DFP/1.7.374/gcc/dev/atmega32a/avr5/crtatmega32a.o
                0x0000008e                __vector_12
                0x0000008e                __bad_interrupt
                0x0000008e                __vector_6
                0x0000008e                __vector_3
                0x0000008e                __vector_11
                0x0000008e                __vector_13
                0x0000008e                __vector_17
                0x0000008e                __vector_19
                0x0000008e                __vector_7
                0x0000008e                __vector_5
                0x0000008e                __vector_4
                0x0000008e                __vector_9
                0x0000008e                __vector_2
                0x0000008e                __vector_15
                0x0000008e                __vector_8
                0x0000008e                __vector_14
                0x0000008e                __vector_10
                0x0000008e                __vector_16
                0x0000008e                __vector_18
                0x0000008e                __vector_20
                0x00000092                . = ALIGN (0x2)
 *(.text.*)
 .text.App_init
                0x00000092       0x6c Application/application.o
                0x00000092                App_init
 .text.App_start
                0x000000fe      0x314 Application/application.o
                0x000000fe                App_start
 .text.__vector_1
                0x00000412       0xd6 Application/application.o
                0x00000412                __vector_1
 .text.BUTTON_init
                0x000004e8       0x12 ECUAL/Button Driver/button.o
                0x000004e8                BUTTON_init
 .text.LED_init
                0x000004fa       0x12 ECUAL/LED Driver/led.o
                0x000004fa                LED_init
 .text.LED_on   0x0000050c       0x12 ECUAL/LED Driver/led.o
                0x0000050c                LED_on
 .text.LED_off  0x0000051e       0x12 ECUAL/LED Driver/led.o
                0x0000051e                LED_off
 .text.LED_toggle
                0x00000530       0x10 ECUAL/LED Driver/led.o
                0x00000530                LED_toggle
 .text.main     0x00000540        0xa main.o
                0x00000540                main
 .text.DIO_init
                0x0000054a      0x138 MCAL/DIO Driver/dio.o
                0x0000054a                DIO_init
 .text.DIO_write
                0x00000682      0x138 MCAL/DIO Driver/dio.o
                0x00000682                DIO_write
 .text.DIO_toggle
                0x000007ba       0xa2 MCAL/DIO Driver/dio.o
                0x000007ba                DIO_toggle
 .text.INT0_init
                0x0000085c       0x14 MCAL/Interrupt library/interrupts.o
                0x0000085c                INT0_init
 .text.TIMERn_CTC_init
                0x00000870       0x7c MCAL/Timer Driver/timer.o
                0x00000870                TIMERn_CTC_init
 .text.TIMERn_start
                0x000008ec       0x5e MCAL/Timer Driver/timer.o
                0x000008ec                TIMERn_start
 .text.TIMERn_stop
                0x0000094a       0x5e MCAL/Timer Driver/timer.o
                0x0000094a                TIMERn_stop
 .text.TIMERn_reset
                0x000009a8       0x30 MCAL/Timer Driver/timer.o
                0x000009a8                TIMERn_reset
 .text.TIMERn_read_and_reset_OCF
                0x000009d8       0x76 MCAL/Timer Driver/timer.o
                0x000009d8                TIMERn_read_and_reset_OCF
                0x00000a4e                . = ALIGN (0x2)
 *(.fini9)
 .fini9         0x00000a4e        0x0 c:/program files (x86)/atmel/studio/7.0/toolchain/avr8/avr8-gnu-toolchain/bin/../lib/gcc/avr/5.4.0/avr5\libgcc.a(_exit.o)
                0x00000a4e                _exit
                0x00000a4e                exit
 *(.fini9)
 *(.fini8)
 *(.fini8)
 *(.fini7)
 *(.fini7)
 *(.fini6)
 *(.fini6)
 *(.fini5)
 *(.fini5)
 *(.fini4)
 *(.fini4)
 *(.fini3)
 *(.fini3)
 *(.fini2)
 *(.fini2)
 *(.fini1)
 *(.fini1)
 *(.fini0)
 .fini0         0x00000a4e        0x4 c:/program files (x86)/atmel/studio/7.0/toolchain/avr8/avr8-gnu-toolchain/bin/../lib/gcc/avr/5.4.0/avr5\libgcc.a(_exit.o)
 *(.fini0)
                0x00000a52                _etext = .

.data           0x00800060        0x2 load address 0x00000a52
                0x00800060                PROVIDE (__data_start, .)
 *(.data)
 *(.data*)
 .data.light_state_change
                0x00800060        0x1 Application/application.o
                0x00800060                light_state_change
 .data.yellow_light_toggle
                0x00800061        0x1 Application/application.o
                0x00800061                yellow_light_toggle
 *(.gnu.linkonce.d*)
 *(.rodata)
 *(.rodata*)
 *(.gnu.linkonce.r*)
                0x00800062                . = ALIGN (0x2)
                0x00800062                _edata = .
                0x00800062                PROVIDE (__data_end, .)

.bss            0x00800062        0x9
                0x00800062                PROVIDE (__bss_start, .)
 *(.bss)
 *(.bss*)
 .bss.OCF_set   0x00800062        0x1 Application/application.o
                0x00800062                OCF_set
 .bss.exit_pedestrian_mode
                0x00800063        0x1 Application/application.o
                0x00800063                exit_pedestrian_mode
 .bss.long_press_counter
                0x00800064        0x1 Application/application.o
                0x00800064                long_press_counter
 .bss.light_phase_counter
                0x00800065        0x1 Application/application.o
                0x00800065                light_phase_counter
 .bss.blink_counter
                0x00800066        0x1 Application/application.o
                0x00800066                blink_counter
 .bss.light_phase
                0x00800067        0x1 Application/application.o
                0x00800067                light_phase
 .bss.button_pressed
                0x00800068        0x1 Application/application.o
                0x00800068                button_pressed
 .bss.short_press
                0x00800069        0x1 Application/application.o
                0x00800069                short_press
 .bss.pedestrians_mode
                0x0080006a        0x1 Application/application.o
                0x0080006a                pedestrians_mode
 *(COMMON)
                0x0080006b                PROVIDE (__bss_end, .)
                0x00000a52                __data_load_start = LOADADDR (.data)
                0x00000a54                __data_load_end = (__data_load_start + SIZEOF (.data))

.noinit         0x0080006b        0x0
                [!provide]                PROVIDE (__noinit_start, .)
 *(.noinit*)
                [!provide]                PROVIDE (__noinit_end, .)
                0x0080006b                _end = .
                [!provide]                PROVIDE (__heap_start, .)

.eeprom         0x00810000        0x0
 *(.eeprom*)
                0x00810000                __eeprom_end = .

.fuse
 *(.fuse)
 *(.lfuse)
 *(.hfuse)
 *(.efuse)

.lock
 *(.lock*)

.signature
 *(.signature*)

.user_signatures
 *(.user_signatures*)

.stab
 *(.stab)

.stabstr
 *(.stabstr)

.stab.excl
 *(.stab.excl)

.stab.exclstr
 *(.stab.exclstr)

.stab.index
 *(.stab.index)

.stab.indexstr
 *(.stab.indexstr)

.comment        0x00000000       0x30
 *(.comment)
 .comment       0x00000000       0x30 Application/application.o
                                 0x31 (size before relaxing)
 .comment       0x00000030       0x31 ECUAL/Button Driver/button.o
 .comment       0x00000030       0x31 ECUAL/LED Driver/led.o
 .comment       0x00000030       0x31 main.o
 .comment       0x00000030       0x31 MCAL/DIO Driver/dio.o
 .comment       0x00000030       0x31 MCAL/Interrupt library/interrupts.o
 .comment       0x00000030       0x31 MCAL/Timer Driver/timer.o

.note.gnu.avr.deviceinfo
                0x00000000       0x3c
 .note.gnu.avr.deviceinfo
                0x00000000       0x3c C:/Program Files (x86)/Atmel/Studio/7.0/Packs/atmel/ATmega_DFP/1.7.374/gcc/dev/atmega32a/avr5/crtatmega32a.o

.note.gnu.build-id
 *(.note.gnu.build-id)

.debug
 *(.debug)

.line
 *(.line)

.debug_srcinfo
 *(.debug_srcinfo)

.debug_sfnames
 *(.debug_sfnames)

.debug_aranges  0x00000000      0x138
 *(.debug_aranges)
 .debug_aranges
                0x00000000       0x30 Application/application.o
 .debug_aranges
                0x00000030       0x20 ECUAL/Button Driver/button.o
 .debug_aranges
                0x00000050       0x38 ECUAL/LED Driver/led.o
 .debug_aranges
                0x00000088       0x20 main.o
 .debug_aranges
                0x000000a8       0x30 MCAL/DIO Driver/dio.o
 .debug_aranges
                0x000000d8       0x20 MCAL/Interrupt library/interrupts.o
 .debug_aranges
                0x000000f8       0x40 MCAL/Timer Driver/timer.o

.debug_pubnames
 *(.debug_pubnames)

.debug_info     0x00000000     0x1508
 *(.debug_info .gnu.linkonce.wi.*)
 .debug_info    0x00000000      0x4e6 C:/Program Files (x86)/Atmel/Studio/7.0/Packs/atmel/ATmega_DFP/1.7.374/gcc/dev/atmega32a/avr5/crtatmega32a.o
 .debug_info    0x000004e6      0x886 Application/application.o
 .debug_info    0x00000d6c      0x11d ECUAL/Button Driver/button.o
 .debug_info    0x00000e89      0x252 ECUAL/LED Driver/led.o
 .debug_info    0x000010db       0xa0 main.o
 .debug_info    0x0000117b      0x16a MCAL/DIO Driver/dio.o
 .debug_info    0x000012e5       0x74 MCAL/Interrupt library/interrupts.o
 .debug_info    0x00001359      0x1af MCAL/Timer Driver/timer.o

.debug_abbrev   0x00000000      0x893
 *(.debug_abbrev)
 .debug_abbrev  0x00000000      0x4a3 C:/Program Files (x86)/Atmel/Studio/7.0/Packs/atmel/ATmega_DFP/1.7.374/gcc/dev/atmega32a/avr5/crtatmega32a.o
 .debug_abbrev  0x000004a3       0xbd Application/application.o
 .debug_abbrev  0x00000560       0xa7 ECUAL/Button Driver/button.o
 .debug_abbrev  0x00000607       0xa7 ECUAL/LED Driver/led.o
 .debug_abbrev  0x000006ae       0x68 main.o
 .debug_abbrev  0x00000716       0x98 MCAL/DIO Driver/dio.o
 .debug_abbrev  0x000007ae       0x4f MCAL/Interrupt library/interrupts.o
 .debug_abbrev  0x000007fd       0x96 MCAL/Timer Driver/timer.o

.debug_line     0x00000000      0xee0
 *(.debug_line .debug_line.* .debug_line_end)
 .debug_line    0x00000000      0x116 C:/Program Files (x86)/Atmel/Studio/7.0/Packs/atmel/ATmega_DFP/1.7.374/gcc/dev/atmega32a/avr5/crtatmega32a.o
 .debug_line    0x00000116      0x4e5 Application/application.o
 .debug_line    0x000005fb       0xe9 ECUAL/Button Driver/button.o
 .debug_line    0x000006e4      0x140 ECUAL/LED Driver/led.o
 .debug_line    0x00000824       0x6b main.o
 .debug_line    0x0000088f      0x26c MCAL/DIO Driver/dio.o
 .debug_line    0x00000afb       0x9b MCAL/Interrupt library/interrupts.o
 .debug_line    0x00000b96      0x34a MCAL/Timer Driver/timer.o

.debug_frame    0x00000000      0x1f4
 *(.debug_frame)
 .debug_frame   0x00000000       0x8c Application/application.o
 .debug_frame   0x0000008c       0x24 ECUAL/Button Driver/button.o
 .debug_frame   0x000000b0       0x54 ECUAL/LED Driver/led.o
 .debug_frame   0x00000104       0x24 main.o
 .debug_frame   0x00000128       0x44 MCAL/DIO Driver/dio.o
 .debug_frame   0x0000016c       0x24 MCAL/Interrupt library/interrupts.o
 .debug_frame   0x00000190       0x64 MCAL/Timer Driver/timer.o

.debug_str      0x00000000      0x67b
 *(.debug_str)
 .debug_str     0x00000000      0x196 C:/Program Files (x86)/Atmel/Studio/7.0/Packs/atmel/ATmega_DFP/1.7.374/gcc/dev/atmega32a/avr5/crtatmega32a.o
 .debug_str     0x00000196      0x2ae Application/application.o
                                0x2c0 (size before relaxing)
 .debug_str     0x00000444       0xb1 ECUAL/Button Driver/button.o
                                0x202 (size before relaxing)
 .debug_str     0x000004f5       0x8e ECUAL/LED Driver/led.o
                                0x245 (size before relaxing)
 .debug_str     0x00000583       0x11 main.o
                                0x161 (size before relaxing)
 .debug_str     0x00000594       0x3e MCAL/DIO Driver/dio.o
                                0x1e7 (size before relaxing)
 .debug_str     0x000005d2       0x27 MCAL/Interrupt library/interrupts.o
                                0x176 (size before relaxing)
 .debug_str     0x000005f9       0x82 MCAL/Timer Driver/timer.o
                                0x21d (size before relaxing)

.debug_loc      0x00000000      0xc82
 *(.debug_loc)
 .debug_loc     0x00000000       0xcb Application/application.o
 .debug_loc     0x000000cb       0x58 ECUAL/Button Driver/button.o
 .debug_loc     0x00000123      0x160 ECUAL/LED Driver/led.o
 .debug_loc     0x00000283      0x702 MCAL/DIO Driver/dio.o
 .debug_loc     0x00000985      0x2fd MCAL/Timer Driver/timer.o

.debug_macinfo
 *(.debug_macinfo)

.debug_weaknames
 *(.debug_weaknames)

.debug_funcnames
 *(.debug_funcnames)

.debug_typenames
 *(.debug_typenames)

.debug_varnames
 *(.debug_varnames)

.debug_pubtypes
 *(.debug_pubtypes)

.debug_ranges   0x00000000       0xc8
 *(.debug_ranges)
 .debug_ranges  0x00000000       0x20 Application/application.o
 .debug_ranges  0x00000020       0x10 ECUAL/Button Driver/button.o
 .debug_ranges  0x00000030       0x28 ECUAL/LED Driver/led.o
 .debug_ranges  0x00000058       0x10 main.o
 .debug_ranges  0x00000068       0x20 MCAL/DIO Driver/dio.o
 .debug_ranges  0x00000088       0x10 MCAL/Interrupt library/interrupts.o
 .debug_ranges  0x00000098       0x30 MCAL/Timer Driver/timer.o

.debug_macro
 *(.debug_macro)
OUTPUT(Traffic_lights.elf elf32-avr)
LOAD linker stubs
